[www.urbanoasispa.com/index.html]
[static.parastorage.com/unpkg/@formatjs/intl-segmenter@11.7.10/polyfill.iife.js]
[static.parastorage.com/unpkg/core-js-bundle@3.2.1/minified.js]
[static.parastorage.com/unpkg/focus-within-polyfill@5.0.9/dist/focus-within-polyfill.js]
[www.urbanoasispa.com/t.3.delayed]
[www.urbanoasispa.com/e.4.delayed]
[backblue.gif]
[fade.gif]
[index.html]
[www.urbanoasispa.com/about.html]
[www.urbanoasispa.com/experience.html]
[www.urbanoasispa.com/treatements.html]
[www.urbanoasispa.com/contact.html]
[www.urbanoasispa.com/app-landing-page.html]
[www.urbanoasispa.com/terms-conditions.html]
[static.wixstatic.com/media/0f001e_cbcace2a1ac2429a87e8f5359895881d_mv2.jpg/v1/fill/w_147,h_83,al_c,q_80,usm_0.66_1.00_0.01,blur_2,/0f001e_cbcace2a1ac2429a87e8f5359895881d_mv2.b.del]
[static.wixstatic.com/media/0f001e_230da2ee665d4ef594e67edac819a9cc_mv2.jpg/v1/fill/w_123,h_184,al_c,q_80,usm_0.66_1.00_0.01,blur_2/0f001e_230da2ee665d4ef594e67edac819a9cc_mv2.c.del]
[www.urbanoasispa.com/window.location.f.delayed]
[static.wixstatic.com/media/0f001e_81b69f9adb654d94b024daa8bbb432eb_mv2.jpg/v1/crop/x_0,y_469,w_4160,h_5302/fill/w_386,h_492,al_c,q_80,usm_0.66_1.00_0.01,enc_a/DSCF8204_JPG.d.delaye]
[static.wixstatic.com/media/0f001e_4294a86fea3d4dbd92f7c7f5ffa03a69_mv2.jpg/v1/fill/w_508,h_720,al_c,lg_1,q_85,enc_avif,quality_aut/0f001e_4294a86fea3d4dbd92f7c7f5ffa03a69_mv2.e.del]
[browser.sentry-cdn.com/7.120.3/bundle.tracing.es5.min.js]
[browser.sentry-cdn.com/7.120.3/modulemetadata.es5.min.js]
[static.parastorage.com/services/wix-thunderbolt/dist/browser-deprecation.bundle.es5.js]
[www.urbanoasispa.com/sitemap.13.delayed]
[www.urbanoasispa.com/feed.14.delayed]
[static.parastorage.com/services/wix-thunderbolt/dist/thunderbolt-commons.3a7dc6ee.bundle.min.js]
[static.parastorage.com/services/wix-thunderbolt/dist/main.361d7bea.bundle.min.js]
[static.parastorage.com/services/wix-thunderbolt/dist/main.renderer.f600e767.bundle.min.js]
[static.parastorage.com/unpkg/lodash@4.17.21/lodash.min.js]
[static.parastorage.com/unpkg/react@18.3.1/umd/react.production.min.js]
[static.parastorage.com/unpkg/react-dom@18.3.1/umd/react-dom.production.min.js]
[www.urbanoasispa.com/decodeURIComponent(e.1b.delayed]
[www.urbanoasispa.com/index.html]
[www.urbanoasispa.com/t.html]
[www.urbanoasispa.com/e.html]
[www.urbanoasispa.com/about.html]
[www.urbanoasispa.com/experience.html]
[static.wixstatic.com/media/0f001e_d41d61e142b04d5c86492fdf7ac35b8c_mv2.jpg/v1/fill/w_123,h_88,al_c,q_80,usm_0.66_1.00_0.01,blur_2,/0f001e_d41d61e142b04d5c86492fdf7ac35b8c_mv2.1d.de]
[static.parastorage.com/services/tag-manager-client/1.1028.0/siteTags.bundle.min.js]
[www.urbanoasispa.com/treatements.html]
[static.wixstatic.com/media/0f001e_81b69f9adb654d94b024daa8bbb432eb_mv2.jpg/v1/fill/w_87,h_130,al_c,q_80,usm_0.66_1.00_0.01,blur_2,/0f001e_81b69f9adb654d94b024daa8bbb432eb_mv2.1f.de]
[static.wixstatic.com/media/0f001e_560d801e9e9d4813884fa6e0b0fe3c92_mv2.jpg/v1/fill/w_118,h_78,al_c,q_80,usm_0.66_1.00_0.01,blur_2,/0f001e_560d801e9e9d4813884fa6e0b0fe3c92_mv2.1e.de]
[static.wixstatic.com/media/0f001e_b62c038781934a1e8fcf16c486257062_mv2.jpg/v1/fill/w_98,h_130,al_c,q_80,usm_0.66_1.00_0.01,blur_2,/0f001e_b62c038781934a1e8fcf16c486257062_mv2.20.de]
[static.wixstatic.com/media/0f001e_7f1fcb6322864e94a46453dd3c39437e_mv2.jpg/v1/fill/w_87,h_130,al_c,q_80,usm_0.66_1.00_0.01,blur_2,/0f001e_7f1fcb6322864e94a46453dd3c39437e_mv2.21.de]
[static.wixstatic.com/media/0f001e_06457823f3f34e83869c96351b596c02_mv2.jpg/v1/fill/w_123,h_82,al_c,q_80,usm_0.66_1.00_0.01,blur_2,/0f001e_06457823f3f34e83869c96351b596c02_mv2.22.de]
[static.wixstatic.com/media/0f001e_6ccf38bc246e42c19d81b185c43bd8f4_mv2.jpg/v1/fill/w_87,h_130,al_c,q_80,usm_0.66_1.00_0.01,blur_2,/0f001e_6ccf38bc246e42c19d81b185c43bd8f4_mv2.23.de]
[www.urbanoasispa.com/contact.html]
[static.parastorage.com/services/editor-elements-library/dist/thunderbolt/media/sloppyframe.d2412ec4.png]
[static.wixstatic.com/media/0f001e_d15c2a4a047844009e44735f1cd77d82_mv2.jpg/v1/fill/w_122,h_81,al_c,q_80,usm_0.66_1.00_0.01,blur_2,/0f001e_d15c2a4a047844009e44735f1cd77d82_mv2.25.de]
[static.wixstatic.com/media/0f001e_fa71be0994034b31b761721d1a903e1e_mv2.jpg/v1/fill/w_123,h_82,al_c,q_80,usm_0.66_1.00_0.01,blur_2,/0f001e_fa71be0994034b31b761721d1a903e1e_mv2.24.de]
[static.wixstatic.com/media/0f001e_4674de5d0a63438fac8c5dba5dab5944_mv2.jpg/v1/fill/w_318,h_642,al_c,q_80,usm_0.66_1.00_0.01,enc_avif,quality_auto/DSCF7912_JPG.jpg]
[www.urbanoasispa.com/app-landing-page.html]
[www.urbanoasispa.com/terms-conditions.html]
[www.urbanoasispa.com/window.location.html]
[static.wixstatic.com/media/0f001e_6f0137d0c68a41e4ab31c370f9bf58fc_mv2.jpg/v1/fill/w_116,h_145,al_c,q_80,usm_0.66_1.00_0.01,blur_2/0f001e_6f0137d0c68a41e4ab31c370f9bf58fc_mv2.29.de]
[static.wixstatic.com/media/0f001e_fbb06e55f85e4c1d8fbffd9cdf00f8ef_mv2.jpg/v1/fill/w_96,h_143,al_c,q_80,usm_0.66_1.00_0.01,blur_2,/0f001e_fbb06e55f85e4c1d8fbffd9cdf00f8ef_mv2.26.de]
[static.wixstatic.com/media/0f001e_f9c5c9e7ca884550a301bb0f42426dda_mv2.jpg/v1/fill/w_123,h_82,al_c,q_80,usm_0.66_1.00_0.01,blur_2,/0f001e_f9c5c9e7ca884550a301bb0f42426dda_mv2.27.de]
[static.wixstatic.com/media/0f001e_16272ede236a4c5fa2c56636b5588dda_mv2.jpg/v1/fill/w_122,h_68,al_c,q_80,usm_0.66_1.00_0.01,blur_2,/0f001e_16272ede236a4c5fa2c56636b5588dda_mv2.28.de]
[static.wixstatic.com/media/0f001e_4674de5d0a63438fac8c5dba5dab5944_mv2.jpg/v1/fill/w_77,h_116,al_c,q_80,usm_0.66_1.00_0.01,blur_2,/0f001e_4674de5d0a63438fac8c5dba5dab5944_mv2.2b.de]
[www.urbanoasispa.com/api.2d.delayed]
[www.urbanoasispa.com/api/index.html]
[www.urbanoasispa.com/envelope.2e.delayed]
[www.urbanoasispa.com/envelope/index.html]
[www.urbanoasispa.com/sitemap.html]
[www.urbanoasispa.com/feed.html]
[www.urbanoasispa.com/decodeURIComponent(e.html]
[www.urbanoasispa.com/api.html]
[www.urbanoasispa.com/envelope.html]
